pq3_a2b_rca_c0 r1 P1 pre=4.128731 online=0.527826 wait=0.235289 rounds=1820 otsetup=0.954475 pre_start=0.000 pass_start=2.994 pass_end=3.356 conv_joined=3.819 complete_end=4.128 | FC=0.040373 MULTIPLEX=0.087225 COT=0.032579 CONV=0.825219 BOOL_COT_MULT=1.42599 BOOL=1.20341 
pq3_a2b_ppa_c0 r1 P1 pre=4.858165 online=0.564263 wait=0.226563 rounds=984 otsetup=0.885136 pre_start=0.000 pass_start=3.744 pass_end=4.136 conv_joined=4.577 complete_end=4.858 | FC=0.04153 MULTIPLEX=0.058556 COT=0.027088 CONV=0.833228 BOOL_COT_MULT=1.40587 BOOL=1.92765 
pq3_a2b_ppa4_c0 r1 P1 pre=5.483209 online=0.613255 wait=0.144157 rounds=732 otsetup=0.886805 pre_start=0.000 pass_start=4.234 pass_end=4.818 conv_joined=5.167 complete_end=5.483 | FC=0.044538 MULTIPLEX=0.073233 CONV=0.932436 BOOL_COT_MULT=1.47169 COT=0.032561 BOOL3=1.0136 BOOL4=0.171628 BOOL=1.21671 
pq3_a2bk0_rca_c0 r1 P1 pre=4.087936 online=0.623390 wait=0.263602 rounds=1820 otsetup=0.850184 pre_start=0.000 pass_start=2.999 pass_end=3.367 conv_joined=3.887 complete_end=4.088 | FC=0.051423 MULTIPLEX=0.058243 COT=0.041196 CONV=0.887347 BOOL_COT_MULT=1.4838 BOOL=1.14167 
pq3_a2bk0_ppa_c0 r1 P1 pre=4.991397 online=0.594971 wait=0.191946 rounds=984 otsetup=0.839425 pre_start=0.000 pass_start=3.811 pass_end=4.230 conv_joined=4.718 complete_end=4.991 | FC=0.084736 MULTIPLEX=0.070234 COT=0.034922 CONV=0.90632 BOOL_COT_MULT=1.47078 BOOL=1.97267 
pq3_a2bk0_ppa4_c0 r1 P1 pre=5.371234 online=0.642556 wait=0.141794 rounds=732 otsetup=0.831462 pre_start=0.000 pass_start=4.102 pass_end=4.615 conv_joined=5.061 complete_end=5.371 | FC=0.085513 MULTIPLEX=0.05729 CONV=0.959558 BOOL_COT_MULT=1.44675 COT=0.038914 BOOL3=1.04277 BOOL4=0.165701 BOOL=1.08756 
pq3_a2bpw_rca_c0 r1 P1 pre=3.496437 online=0.700377 wait=0.277321 rounds=1981 otsetup=0.891688 pre_start=0.000 pass_start=2.968 pass_end=3.261 conv_joined=3.261 complete_end=3.496 | CONV=0.003462 MULTIPLEX=0.060133 COT=0.090089 BOOL_COT_MULT=1.45158 BOOL=1.19479 
pq3_a2bpw_ppa_c0 r1 P1 pre=4.506808 online=0.628643 wait=0.154124 rounds=909 otsetup=0.869037 pre_start=0.000 pass_start=3.961 pass_end=4.267 conv_joined=4.267 complete_end=4.507 | CONV=0.002737 MULTIPLEX=0.07004 COT=0.06974 BOOL_COT_MULT=1.55791 BOOL=2.05563 
pq3_a2bpw_ppa4_c0 r1 P1 pre=5.818468 online=0.678821 wait=0.145324 rounds=648 otsetup=0.897364 pre_start=0.000 pass_start=5.041 pass_end=5.533 conv_joined=5.533 complete_end=5.818 | CONV=0.00247 MULTIPLEX=0.06397 BOOL_COT_MULT=1.46703 COT=0.094164 BOOL3=1.08211 BOOL4=0.906505 BOOL=1.20939 
pq3_rs_rca_c0 r1 P1 pre=2.365121 online=0.500959 wait=0.246373 rounds=1916 otsetup=0.839879 pre_start=0.000 pass_start=1.288 pass_end=1.654 conv_joined=2.113 complete_end=2.365 | FC=0.041667 MULTIPLEX=0.070224 COT=0.03268 CONV=0.824492 RANDOM_MUL=0.063384 BOOL=1.12646 
pq3_rs_ppa_c0 r1 P1 pre=3.941226 online=0.543860 wait=0.201450 rounds=1053 otsetup=0.874252 pre_start=0.000 pass_start=2.741 pass_end=3.373 conv_joined=3.677 complete_end=3.941 | FC=0.054393 MULTIPLEX=0.060446 COT=0.033756 CONV=0.936267 RANDOM_MUL=0.621561 BOOL=2.00919 
pq3_rs_ppa4_c0 r1 P1 pre=6.024674 online=0.515795 wait=0.156349 rounds=828 otsetup=0.89426 pre_start=0.000 pass_start=4.353 pass_end=5.636 conv_joined=5.746 complete_end=6.024 | FC=0.049903 MULTIPLEX=0.062373 CONV=1.39262 RANDOM_MUL=0.096644 COT=0.04288 BOOL3=1.2226 BOOL4=1.98293 BOOL=0.959766 
pq3_rsk0_rca_c0 r1 P1 pre=2.369211 online=0.600450 wait=0.263169 rounds=1916 otsetup=0.848581 pre_start=0.000 pass_start=1.306 pass_end=1.686 conv_joined=2.182 complete_end=2.369 | FC=0.050312 MULTIPLEX=0.050937 COT=0.030433 CONV=0.875711 RANDOM_MUL=0.057733 BOOL=1.1678 
pq3_rsk0_ppa_c0 r1 P1 pre=4.013317 online=0.651351 wait=0.267236 rounds=1053 otsetup=0.906029 pre_start=0.000 pass_start=2.782 pass_end=3.448 conv_joined=3.756 complete_end=4.013 | FC=0.074004 MULTIPLEX=0.064735 COT=0.037326 CONV=0.973621 RANDOM_MUL=0.632892 BOOL=2.06695 
pq3_rsk0_ppa4_c0 r1 P1 pre=6.401334 online=0.621824 wait=0.177875 rounds=828 otsetup=0.829181 pre_start=0.000 pass_start=4.609 pass_end=6.038 conv_joined=6.151 complete_end=6.401 | FC=0.06782 MULTIPLEX=0.055387 CONV=1.53972 RANDOM_MUL=0.10192 COT=0.04369 BOOL3=1.32739 BOOL4=2.20594 BOOL=0.898037 
pq3_rspw_rca_c0 r1 P1 pre=1.729051 online=0.582018 wait=0.250999 rounds=2113 otsetup=0.867676 pre_start=0.000 pass_start=1.308 pass_end=1.518 conv_joined=1.518 complete_end=1.729 | CONV=0.00175 MULTIPLEX=0.061452 COT=0.085949 RANDOM_MUL=0.071583 BOOL=1.16185 
pq3_rspw_ppa_c0 r1 P1 pre=3.268214 online=0.607350 wait=0.242916 rounds=1008 otsetup=0.863765 pre_start=0.000 pass_start=2.833 pass_end=3.093 conv_joined=3.093 complete_end=3.268 | CONV=0.001659 MULTIPLEX=0.047642 COT=0.048177 RANDOM_MUL=0.634164 BOOL=2.13026 
pq3_rspw_ppa4_c0 r1 P1 pre=5.031674 online=0.446441 wait=0.111759 rounds=780 otsetup=0.870249 pre_start=0.000 pass_start=4.517 pass_end=4.805 conv_joined=4.805 complete_end=5.031 | CONV=0.005094 MULTIPLEX=0.05222 RANDOM_MUL=0.117646 COT=0.074089 BOOL3=1.26829 BOOL4=2.08936 BOOL=0.944951 
pq3_a2b_rca_c0 r2 P1 pre=4.048916 online=0.563731 wait=0.252675 rounds=1820 otsetup=0.878617 pre_start=0.000 pass_start=2.989 pass_end=3.350 conv_joined=3.792 complete_end=4.049 | FC=0.044982 MULTIPLEX=0.048919 COT=0.02882 CONV=0.802698 BOOL_COT_MULT=1.47254 BOOL=1.14221 
pq3_a2b_ppa_c0 r2 P1 pre=4.930653 online=0.561580 wait=0.186090 rounds=984 otsetup=0.881605 pre_start=0.000 pass_start=3.749 pass_end=4.135 conv_joined=4.604 complete_end=4.930 | FC=0.041183 MULTIPLEX=0.058989 COT=0.031851 CONV=0.855164 BOOL_COT_MULT=1.45063 BOOL=1.91295 
pq3_a2b_ppa4_c0 r2 P1 pre=5.483876 online=0.565428 wait=0.144424 rounds=732 otsetup=0.948431 pre_start=0.000 pass_start=4.281 pass_end=4.861 conv_joined=5.192 complete_end=5.484 | FC=0.040025 MULTIPLEX=0.071619 CONV=0.911111 BOOL_COT_MULT=1.49442 COT=0.034013 BOOL3=1.03087 BOOL4=0.174925 BOOL=1.22323 
pq3_a2bk0_rca_c0 r2 P1 pre=4.057079 online=0.640569 wait=0.282458 rounds=1820 otsetup=0.907911 pre_start=0.000 pass_start=2.954 pass_end=3.396 conv_joined=3.820 complete_end=4.057 | FC=0.091188 MULTIPLEX=0.06952 COT=0.027726 CONV=0.865894 BOOL_COT_MULT=1.42606 BOOL=1.13123 
pq3_a2bk0_ppa_c0 r2 P1 pre=4.971623 online=0.655999 wait=0.174534 rounds=984 otsetup=0.896031 pre_start=0.000 pass_start=3.852 pass_end=4.291 conv_joined=4.725 complete_end=4.971 | FC=0.070152 MULTIPLEX=0.069309 COT=0.027259 CONV=0.873097 BOOL_COT_MULT=1.47656 BOOL=2.00466 
pq3_a2bk0_ppa4_c0 r2 P1 pre=5.438583 online=0.694263 wait=0.171604 rounds=732 otsetup=0.80863 pre_start=0.000 pass_start=4.195 pass_end=4.814 conv_joined=5.174 complete_end=5.438 | FC=0.061227 MULTIPLEX=0.05108 CONV=0.978699 BOOL_COT_MULT=1.47087 COT=0.027308 BOOL3=1.07627 BOOL4=0.17083 BOOL=1.07807 
pq3_a2bpw_rca_c0 r2 P1 pre=3.636279 online=0.639205 wait=0.238390 rounds=1981 otsetup=0.89489 pre_start=0.000 pass_start=3.101 pass_end=3.408 conv_joined=3.408 complete_end=3.636 | CONV=0.002103 MULTIPLEX=0.066508 COT=0.087448 BOOL_COT_MULT=1.54003 BOOL=1.21826 
pq3_a2bpw_ppa_c0 r2 P1 pre=4.658504 online=0.636872 wait=0.164006 rounds=909 otsetup=0.858348 pre_start=0.000 pass_start=4.107 pass_end=4.430 conv_joined=4.430 complete_end=4.658 | CONV=0.013678 MULTIPLEX=0.060205 COT=0.070405 BOOL_COT_MULT=1.62151 BOOL=2.14964 
pq3_a2bpw_ppa4_c0 r2 P1 pre=5.728093 online=0.657741 wait=0.132389 rounds=648 otsetup=0.84156 pre_start=0.000 pass_start=4.949 pass_end=5.438 conv_joined=5.438 complete_end=5.728 | CONV=0.016596 MULTIPLEX=0.056483 BOOL_COT_MULT=1.4266 COT=0.09654 BOOL3=1.09001 BOOL4=0.880631 BOOL=1.16429 
pq3_rs_rca_c0 r2 P1 pre=2.220821 online=0.519595 wait=0.269858 rounds=1916 otsetup=0.831666 pre_start=0.000 pass_start=1.183 pass_end=1.540 conv_joined=1.996 complete_end=2.221 | FC=0.044115 MULTIPLEX=0.060867 COT=0.040125 CONV=0.81241 RANDOM_MUL=0.0401 BOOL=1.0656 
pq3_rs_ppa_c0 r2 P1 pre=3.902130 online=0.562484 wait=0.182086 rounds=1053 otsetup=0.82742 pre_start=0.000 pass_start=2.735 pass_end=3.362 conv_joined=3.633 complete_end=3.902 | FC=0.040084 MULTIPLEX=0.072053 COT=0.031505 CONV=0.897943 RANDOM_MUL=0.636205 BOOL=2.01194 
pq3_rs_ppa4_c0 r2 P1 pre=5.953230 online=0.507094 wait=0.139499 rounds=828 otsetup=0.860261 pre_start=0.000 pass_start=4.243 pass_end=5.554 conv_joined=5.658 complete_end=5.953 | FC=0.042864 MULTIPLEX=0.078786 CONV=1.4153 RANDOM_MUL=0.089579 COT=0.027264 BOOL3=1.19739 BOOL4=1.92164 BOOL=0.928835 
pq3_rsk0_rca_c0 r2 P1 pre=2.418902 online=0.611527 wait=0.290289 rounds=1916 otsetup=0.906131 pre_start=0.000 pass_start=1.306 pass_end=1.775 conv_joined=2.200 complete_end=2.419 | FC=0.065109 MULTIPLEX=0.057554 COT=0.029909 CONV=0.893414 RANDOM_MUL=0.068011 BOOL=1.1548 
pq3_rsk0_ppa_c0 r2 P1 pre=4.071075 online=0.599760 wait=0.196933 rounds=1053 otsetup=0.929393 pre_start=0.000 pass_start=2.806 pass_end=3.606 conv_joined=3.849 complete_end=4.071 | FC=0.054842 MULTIPLEX=0.068872 COT=0.025838 CONV=1.04297 RANDOM_MUL=0.617616 BOOL=2.09376 
pq3_rsk0_ppa4_c0 r2 P1 pre=6.068757 online=0.623838 wait=0.177916 rounds=828 otsetup=0.812287 pre_start=0.000 pass_start=4.253 pass_end=5.752 conv_joined=5.840 complete_end=6.069 | FC=0.047887 MULTIPLEX=0.061967 CONV=1.58686 RANDOM_MUL=0.096588 COT=0.027079 BOOL3=1.18238 BOOL4=1.97592 BOOL=0.909297 
pq3_rspw_rca_c0 r2 P1 pre=1.686791 online=0.552021 wait=0.243559 rounds=2113 otsetup=0.869343 pre_start=0.000 pass_start=1.294 pass_end=1.508 conv_joined=1.508 complete_end=1.687 | CONV=0.00176 MULTIPLEX=0.067518 COT=0.051774 RANDOM_MUL=0.068561 BOOL=1.14965 
pq3_rspw_ppa_c0 r2 P1 pre=3.254482 online=0.551710 wait=0.222666 rounds=1008 otsetup=0.864165 pre_start=0.000 pass_start=2.822 pass_end=3.093 conv_joined=3.093 complete_end=3.254 | CONV=0.008428 MULTIPLEX=0.047874 COT=0.033376 RANDOM_MUL=0.630086 BOOL=2.08208 
pq3_rspw_ppa4_c0 r2 P1 pre=4.901501 online=0.486714 wait=0.178484 rounds=780 otsetup=0.893761 pre_start=0.000 pass_start=4.413 pass_end=4.714 conv_joined=4.714 complete_end=4.901 | CONV=0.005125 MULTIPLEX=0.04741 RANDOM_MUL=0.119556 COT=0.03503 BOOL3=1.24322 BOOL4=2.02128 BOOL=0.956073 
