# GPU OT sessions on cmucl771615 (2026-10-02). vsum.sh columns: tag,pre_max,online_max,acc_ok,acc_n,hash,procs,pre phases CONV;BN;BOOL;COT;MUX;FC,live ms ACT;CONV;BN,MB pre,MB live,wait_s;rounds,errors
# wb8: wgpu8 = GPU LPN + MPCOT (first version), _lpn = MPCOT_GPU=0, wcpu8 = CPU build

wgpu8_a2bk0_rca_c0_m1,9.5742,0.722678,0,1,9991a046e6,1,2.29;0.00;4.14;0.44;0.18;0.09,238;457;0,690,0.113522;1818,0
wgpu8_a2bk0_rca_c0_lpn_m1,10.0872,0.643844,0,1,65aaace11b,1,2.37;0.00;4.43;0.05;0.18;0.08,227;391;0,690,0.072345;1818,0
wcpu8_a2bk0_rca_c0_m1,12.4968,0.678728,1,1,9964546894,1,6.21;0.00;5.98;0.17;0.15;0.07,225;426;0,690,0.092074;1818,0
wgpu8_rsk0_rca_c0_m1,5.29869,0.700675,0,1,aefa2693ce,1,2.40;0.00;3.91;0.06;0.18;0.07,256;415;1,592,0.144982;1867,0
wgpu8_rsk0_rca_c0_lpn_m1,5.4106,0.604744,0,1,db20ec35f6,1,2.32;0.00;4.15;0.11;0.15;0.07,232;349;0,592,0.107951;1867,0
wcpu8_rsk0_rca_c0_m1,7.28237,0.658462,0,1,3c051a6f2c,1,6.00;0.00;6.06;0.18;0.16;0.08,242;384;0,592,0.093683;1867,0
wgpu8_a2b_rca_m1,8.19705,0.490639,0,1,77fdc00c8d,1,1.58;0.00;3.38;0.25;0.17;0.06,240;227;1,444,0.064375;1714,0
wgpu8_a2b_rca_lpn_m1,9.62038,0.459578,0,1,567e4b137c,1,1.85;0.00;3.93;0.10;0.19;0.06,223;211;0,444,0.069893;1714,0
wcpu8_a2b_rca_m1,11.4559,0.446518,0,1,723f20f5f0,1,4.34;0.00;5.14;0.22;0.15;0.07,224;195;1,444,0.075363;1714,0
wgpu8_rs_rca_c0_m1,4.8005,0.522359,1,1,e517013415,1,1.81;0.00;3.33;0.28;0.17;0.06,272;221;0,347,0.109996;1763,0
wgpu8_rs_rca_c0_lpn_m1,5.82712,0.519031,0,1,3759869d08,1,2.09;0.00;4.25;0.27;0.16;0.06,275;218;0,347,0.103770;1763,0
wcpu8_rs_rca_c0_m1,6.01157,0.471224,1,1,cda5f3b0bf,1,4.55;0.00;4.76;0.17;0.15;0.06,238;209;0,347,0.090739;1763,0
wgpu8_a2bk0_rca_c0_m2,9.08661,0.604502,1,1,cda5f3b0bf,1,2.17;0.00;3.95;0.06;0.20;0.09,220;357;0,690,0.088143;1818,0
wgpu8_a2bk0_rca_c0_lpn_m2,9.81339,0.671669,0,1,c31e45a42a,1,2.35;0.00;4.19;0.06;0.15;0.07,227;415;0,690,0.069920;1818,0
wcpu8_a2bk0_rca_c0_m2,12.6528,0.556534,0,1,a0de453a48,1,6.09;0.00;6.11;0.06;0.14;0.07,201;333;0,690,0.077798;1818,0
wgpu8_rsk0_rca_c0_m2,5.52052,0.631891,0,1,32aae37fbf,1,1.90;0.00;3.99;0.15;0.15;0.07,246;362;0,592,0.134145;1867,0
wgpu8_rsk0_rca_c0_lpn_m2,5.84453,0.673149,0,1,61dc67e7d5,1,2.29;0.00;4.32;0.11;0.16;0.07,251;397;0,592,0.112604;1867,0
wcpu8_rsk0_rca_c0_m2,7.15129,0.70734,0,1,352aca435e,1,6.10;0.00;5.89;0.07;0.14;0.07,242;436;0,592,0.099024;1867,0
wgpu8_a2b_rca_m2,8.15958,0.476343,0,1,080d4723ca,1,1.94;0.00;3.31;0.25;0.21;0.06,229;221;1,444,0.063093;1714,0
wgpu8_a2b_rca_lpn_m2,10.3014,0.450129,0,1,e65219ac46,1,1.96;0.00;4.27;0.23;0.16;0.06,223;203;1,444,0.084929;1714,0
wcpu8_a2b_rca_m2,11.5389,0.415536,0,1,aae5d9c0a6,1,4.78;0.00;4.98;0.14;0.16;0.06,195;194;0,444,0.052046;1714,0
wgpu8_rs_rca_c0_m2,4.71732,0.490999,1,1,ea9412f548,1,1.76;0.00;3.31;0.23;0.16;0.06,254;210;0,347,0.091217;1763,0
wgpu8_rs_rca_c0_lpn_m2,5.23956,0.496915,0,1,16bad9bb7a,1,1.84;0.00;3.68;0.12;0.19;0.06,256;214;0,347,0.080069;1763,0
wcpu8_rs_rca_c0_m2,6.21098,0.464843,0,1,e15791243e,1,4.60;0.00;4.97;0.21;0.14;0.06,233;207;0,347,0.088271;1763,0
wgpu8_a2bk0_rca_c0_m3,8.83013,0.623742,1,1,cda5f3b0bf,1,2.05;0.00;3.95;0.06;0.19;0.07,218;380;0,690,0.073280;1818,0
wgpu8_a2bk0_rca_c0_lpn_m3,9.69632,0.620937,0,1,9991a046e6,1,2.39;0.00;4.10;0.06;0.16;0.08,223;372;0,690,0.096321;1818,0
wcpu8_a2bk0_rca_c0_m3,12.5947,0.587622,1,1,08e814a0f9,1,6.12;0.00;6.01;0.06;0.15;0.08,215;346;0,690,0.078830;1818,0
wgpu8_rsk0_rca_c0_m3,5.78045,0.641224,0,1,f20827b22b,1,2.04;0.00;4.38;0.09;0.20;0.07,230;384;0,592,0.086207;1867,0
wgpu8_rsk0_rca_c0_lpn_m3,5.7382,0.758488,0,1,9248131646,1,2.35;0.00;4.27;0.28;0.14;0.07,269;455;2,592,0.102750;1867,0
wcpu8_rsk0_rca_c0_m3,7.17402,0.67922,0,1,01964cd446,1,6.03;0.00;5.98;0.06;0.14;0.07,237;412;0,592,0.117707;1867,0
wgpu8_a2b_rca_m3,7.78849,0.442009,0,1,025552d4cc,1,1.93;0.00;3.16;0.20;0.16;0.06,228;192;1,444,0.083751;1714,0
wgpu8_a2b_rca_lpn_m3,9.76481,0.460054,0,1,f678e5e140,1,1.93;0.00;4.03;0.17;0.15;0.06,227;207;1,444,0.070437;1714,0
wcpu8_a2b_rca_m3,11.5725,0.449961,0,1,0ba67462ac,1,4.94;0.00;5.01;0.13;0.13;0.06,220;204;0,444,0.071214;1714,0
wgpu8_rs_rca_c0_m3,5.05907,0.49347,0,1,6a7ea65664,1,1.77;0.00;3.51;0.32;0.19;0.05,236;230;0,347,0.072666;1763,0
wgpu8_rs_rca_c0_lpn_m3,4.92241,0.4547,1,1,f93c73a61d,1,1.91;0.00;3.44;0.18;0.14;0.06,234;196;0,347,0.090913;1763,0
wcpu8_rs_rca_c0_m3,6.1747,0.449653,1,1,cda5f3b0bf,1,4.89;0.00;4.86;0.32;0.13;0.06,229;199;0,347,0.087344;1763,0
WB8_DONE
# wb10: wgpu10 = + pinned ot_data, batched tree messages; wgpu8b = wb8's build

wgpu10_a2bk0_rca_c0_m1,8.82811,0.598612,0,1,9991a046e6,1,2.08;0.00;3.89;0.28;0.17;0.09,238;336;0,690,0.106696;1818,0
wgpu8b_a2bk0_rca_c0_m1,9.64812,0.618353,1,1,1d5a5684b1,1,2.30;0.00;4.30;0.26;0.16;0.08,214;376;0,690,0.109731;1818,0
wgpu10_rsk0_rca_c0_m1,4.90395,0.67238,0,1,59da98f15f,1,1.94;0.00;3.59;0.13;0.14;0.07,232;415;0,592,0.138062;1867,0
wgpu8b_rsk0_rca_c0_m1,5.67911,0.605703,1,1,ccdef4bc91,1,2.20;0.00;4.38;0.10;0.20;0.07,234;346;0,592,0.113579;1867,0
wgpu10_a2b_rca_m1,7.48219,0.472833,0,1,01bdcb63a6,1,1.75;0.00;3.31;0.10;0.14;0.06,234;211;1,444,0.075356;1714,0
wgpu8b_a2b_rca_m1,8.26478,0.517997,0,1,a51072a6eb,1,1.83;0.00;3.33;0.24;0.20;0.06,255;235;1,444,0.065379;1714,0
wgpu10_rs_rca_c0_m1,4.52164,0.495014,1,1,d09947112f,1,1.68;0.00;3.20;0.19;0.12;0.06,261;208;0,347,0.114291;1763,0
wgpu8b_rs_rca_c0_m1,4.71253,0.45153,1,1,ba5bb858f4,1,1.74;0.00;3.27;0.24;0.16;0.06,234;192;0,347,0.101308;1763,0
wgpu10_a2bk0_rca_c0_m2,7.87107,0.590501,0,1,de995a9255,1,1.81;0.00;3.69;0.16;0.14;0.07,213;350;0,690,0.074168;1818,0
wgpu8b_a2bk0_rca_c0_m2,8.42999,0.657187,0,1,46e608cc1c,1,2.32;0.00;3.78;0.06;0.14;0.07,223;407;0,690,0.071897;1818,0
wgpu10_rsk0_rca_c0_m2,5.44283,0.723179,0,1,548991cfda,1,2.11;0.00;4.05;0.17;0.20;0.08,260;436;0,592,0.154088;1867,0
wgpu8b_rsk0_rca_c0_m2,5.19263,0.689575,0,1,c22365e920,1,2.10;0.00;3.84;0.06;0.19;0.07,253;406;0,592,0.169060;1867,0
wgpu10_a2b_rca_m2,7.79711,0.556557,0,1,567e4b137c,1,1.70;0.00;3.38;0.28;0.17;0.07,292;238;1,444,0.099909;1714,0
wgpu8b_a2b_rca_m2,7.94273,0.480844,0,1,930d401968,1,1.94;0.00;3.18;0.19;0.15;0.06,232;220;1,444,0.076467;1714,0
wgpu10_rs_rca_c0_m2,4.75819,0.530084,1,1,ac308f3a75,1,1.57;0.00;3.35;0.24;0.19;0.06,286;216;0,347,0.113232;1763,0
wgpu8b_rs_rca_c0_m2,5.14118,0.528484,1,1,e4a8d81c86,1,1.81;0.00;3.61;0.32;0.16;0.06,265;234;0,347,0.086839;1763,0
wgpu10_a2bk0_rca_c0_m3,7.98209,0.599326,1,1,cda5f3b0bf,1,1.86;0.00;3.74;0.06;0.21;0.08,225;347;0,690,0.084752;1818,0
wgpu8b_a2bk0_rca_c0_m3,8.48731,0.683672,1,1,0ab73f755f,1,1.98;0.00;3.84;0.05;0.20;0.07,273;384;0,690,0.121254;1818,0
wgpu10_rsk0_rca_c0_m3,4.97209,0.77868,0,1,533b03c8c8,1,1.91;0.00;3.56;0.14;0.22;0.09,301;442;0,592,0.096867;1867,0
wgpu8b_rsk0_rca_c0_m3,5.34002,0.712715,0,1,57743949dc,1,2.05;0.00;3.93;0.16;0.20;0.08,263;423;0,592,0.109056;1867,0
wgpu10_a2b_rca_m3,7.53626,0.481594,0,1,5e683491e8,1,1.59;0.00;3.22;0.19;0.19;0.06,226;227;1,444,0.067069;1714,0
wgpu8b_a2b_rca_m3,7.95996,0.489429,0,1,eba8747c58,1,1.74;0.00;3.30;0.27;0.20;0.06,242;220;1,444,0.068113;1714,0
wgpu10_rs_rca_c0_m3,4.82845,0.518065,0,1,d498a6c60c,1,1.75;0.00;3.35;0.27;0.19;0.06,266;220;0,347,0.100668;1763,0
wgpu8b_rs_rca_c0_m3,5.03982,0.480709,0,1,46e2701191,1,1.77;0.00;3.55;0.31;0.21;0.06,252;199;1,347,0.094929;1763,0
# wb12: wgpu12 = + outputs on the device, ROT bits on the GPU (16 one-channel packs); wgpu10b, wcpu12 = CPU
wgpu12_a2bk0_rca_c0_m1,7.52037,0.715193,0,1,8abb0bf410,1,2.20;0.00;3.59;0.08;0.21;0.09,238;452;0,690,0.085675;1818,0
wgpu10b_a2bk0_rca_c0_m1,8.55439,0.697081,1,1,cda5f3b0bf,1,2.13;0.00;4.03;0.08;0.21;0.09,226;441;1,690,0.087798;1818,0
wcpu12_a2bk0_rca_c0_m1,13.0808,0.643734,0,1,2ce7c3aac3,1,6.59;0.00;6.24;0.05;0.14;0.07,225;393;0,690,0.083782;1818,0
wgpu12_rsk0_rca_c0_m1,5.15998,0.735809,0,1,6beb42688a,1,2.23;0.00;3.40;0.34;0.23;0.07,292;419;0,592,0.137442;1867,0
wgpu10b_rsk0_rca_c0_m1,5.50564,0.744723,0,1,1006d17723,1,2.21;0.00;3.89;0.06;0.21;0.08,292;424;0,592,0.099356;1867,0
wcpu12_rsk0_rca_c0_m1,7.80452,0.657589,0,1,f4f0dcb5b3,1,6.45;0.00;6.55;0.28;0.14;0.08,243;391;0,592,0.102690;1867,0
wgpu12_a2b_rca_m1,6.92734,0.511807,0,1,0bfa2f5da6,1,1.82;0.00;2.95;0.28;0.21;0.06,274;211;1,444,0.090033;1714,0
wgpu10b_a2b_rca_m1,7.863,0.488643,0,1,567e4b137c,1,1.86;0.00;3.45;0.27;0.20;0.06,235;226;0,444,0.062688;1714,0
wcpu12_a2b_rca_m1,11.9279,0.469897,0,1,c67c445491,1,5.46;0.00;5.34;0.13;0.18;0.05,227;217;0,444,0.065282;1714,0
wgpu12_rs_rca_c0_m1,4.78908,0.556204,0,1,e1b4f256a2,1,1.84;0.00;3.25;0.23;0.20;0.05,310;219;0,347,0.120453;1763,0
wgpu10b_rs_rca_c0_m1,5.39627,0.564406,1,1,499f3ba752,1,1.76;0.00;3.83;0.34;0.19;0.05,290;240;0,347,0.102753;1763,0
wcpu12_rs_rca_c0_m1,6.83235,0.509687,0,1,e15791243e,1,5.64;0.00;5.52;0.24;0.17;0.05,268;214;0,347,0.096860;1763,0
wgpu12_a2bk0_rca_c0_m2,7.22543,0.696119,1,1,cda5f3b0bf,1,2.21;0.00;3.50;0.08;0.22;0.08,266;402;0,690,0.099545;1818,0
wgpu10b_a2bk0_rca_c0_m2,8.26509,0.704794,0,1,9991a046e6,1,2.26;0.00;3.77;0.24;0.20;0.07,261;419;0,690,0.118267;1818,0
wcpu12_a2bk0_rca_c0_m2,13.385,0.641501,0,1,76551331f6,1,6.80;0.00;6.81;0.07;0.19;0.08,236;382;0,690,0.077774;1818,0
wgpu12_rsk0_rca_c0_m2,4.85425,0.758366,0,1,5edad5604b,1,2.17;0.00;3.39;0.11;0.22;0.08,266;465;0,592,0.112797;1867,0
wgpu10b_rsk0_rca_c0_m2,5.44433,0.775875,0,1,c23bdb347f,1,2.23;0.00;3.91;0.21;0.21;0.08,310;434;1,592,0.089811;1867,0
wcpu12_rsk0_rca_c0_m2,7.83992,0.714026,0,1,84eda5dc15,1,6.77;0.00;6.63;0.11;0.19;0.07,270;413;0,592,0.129064;1867,0
wgpu12_a2b_rca_m2,6.98783,0.519564,0,1,a4be78e330,1,1.90;0.00;3.07;0.17;0.22;0.06,278;213;1,444,0.106999;1714,0
wgpu10b_a2b_rca_m2,8.44603,0.542113,0,1,567e4b137c,1,1.84;0.00;3.95;0.28;0.20;0.06,295;221;0,444,0.115775;1714,0
wcpu12_a2b_rca_m2,11.8488,0.458099,0,1,2c636a0466,1,5.29;0.00;5.49;0.24;0.15;0.06,223;208;1,444,0.064852;1714,0
wgpu12_rs_rca_c0_m2,4.6307,0.579169,1,1,eaf5b68cca,1,1.92;0.00;3.01;0.27;0.21;0.06,325;226;1,347,0.136513;1763,0
wgpu10b_rs_rca_c0_m2,5.03645,0.525908,0,1,4e8391d74e,1,2.04;0.00;3.51;0.24;0.21;0.05,269;227;0,347,0.092288;1763,0
wcpu12_rs_rca_c0_m2,6.93718,0.490618,0,1,e15791243e,1,5.19;0.00;5.56;0.20;0.14;0.06,247;218;0,347,0.089052;1763,0
wgpu12_a2bk0_rca_c0_m3,7.12411,0.686432,0,1,61424a2fab,1,2.26;0.00;3.40;0.07;0.21;0.08,250;412;0,690,0.092452;1818,0
wgpu10b_a2bk0_rca_c0_m3,8.48045,0.664172,1,1,cda5f3b0bf,1,2.20;0.00;4.11;0.07;0.21;0.08,230;407;0,690,0.063837;1818,0
wcpu12_a2bk0_rca_c0_m3,13.5756,0.675663,1,1,433ddf31e6,1,6.96;0.00;6.65;0.26;0.14;0.07,247;403;0,690,0.100444;1818,0
wgpu12_rsk0_rca_c0_m3,4.99873,0.839082,1,1,3c173d6ce5,1,1.95;0.00;3.32;0.34;0.18;0.07,335;470;2,592,0.101606;1867,0
wgpu10b_rsk0_rca_c0_m3,5.493,0.74231,0,1,18367e7d97,1,2.35;0.00;3.91;0.07;0.20;0.09,280;430;1,592,0.092829;1867,0
wcpu12_rsk0_rca_c0_m3,7.42416,0.693801,0,1,72ca6b1e8f,1,6.22;0.00;5.97;0.08;0.15;0.07,245;421;0,592,0.100254;1867,0
wgpu12_a2b_rca_m3,7.01941,0.50952,0,1,567e4b137c,1,1.70;0.00;3.05;0.26;0.23;0.06,250;233;0,444,0.065756;1714,0
wgpu10b_a2b_rca_m3,8.18726,0.530786,0,1,55e21326f9,1,1.79;0.00;3.69;0.42;0.21;0.06,273;231;0,444,0.084772;1714,0
wcpu12_a2b_rca_m3,13.1305,0.48625,0,1,bb9eef1ef1,1,5.69;0.00;5.79;0.25;0.17;0.05,249;212;0,444,0.078550;1714,0
wgpu12_rs_rca_c0_m3,4.78874,0.586268,0,1,b9920319b3,1,1.81;0.00;3.19;0.24;0.23;0.06,300;250;0,347,0.100899;1763,0
wgpu10b_rs_rca_c0_m3,5.26304,0.483603,0,1,3c83ef7579,1,1.86;0.00;3.76;0.26;0.20;0.05,262;199;0,347,0.098811;1763,0
wcpu12_rs_rca_c0_m3,6.99928,0.520537,0,1,e15791243e,1,5.51;0.00;5.65;0.23;0.19;0.05,299;196;0,347,0.140419;1763,0
# wb17: OT pack group (CHEETAH_OT_GROUP) 4 / 8 / 16 with wgpu12

wgpu17_a2bk0_rca_c0_g4_m1 pre 6.77515 onl 0.802582 ph 1.97;0.00;2.64;0.33;0.43;0.10
  otsetup 1.17
wgpu17_a2bk0_rca_c0_g8_m1 pre 6.99379 onl 0.772548 ph 2.03;0.00;2.80;0.27;0.65;0.08
  otsetup 0.958665
wgpu17_a2bk0_rca_c0_g16_m1 pre 7.34254 onl 0.706454 ph 1.71;0.00;2.76;0.39;0.83;0.08
  otsetup 0.775371
wgpu17_rsk0_rca_c0_g4_m1 pre 4.63694 onl 0.76315 ph 2.00;0.00;2.59;0.45;0.40;0.08
  otsetup 1.08869
wgpu17_rsk0_rca_c0_g8_m1 pre 4.94185 onl 0.731274 ph 1.82;0.00;2.64;0.49;0.61;0.08
  otsetup 0.897458
wgpu17_rsk0_rca_c0_g16_m1 pre 5.27176 onl 0.720416 ph 1.76;0.00;2.75;0.45;0.80;0.08
  otsetup 0.64572
wgpu17_a2b_rca_g4_m1 pre 5.71374 onl 0.520115 ph 1.62;0.00;2.10;0.27;0.32;0.07
  otsetup 0.795456
wgpu17_a2b_rca_g8_m1 pre 6.33924 onl 0.582374 ph 1.39;0.00;2.07;0.44;0.59;0.06
  otsetup 0.607492
wgpu17_a2b_rca_g16_m1 pre 6.77633 onl 0.608505 ph 1.26;0.00;2.20;0.36;0.84;0.06
  otsetup 0.486845
wgpu17_rs_rca_c0_g4_m1 pre 4.03078 onl 0.804196 ph 1.63;0.00;2.14;0.33;0.39;0.06
  otsetup 0.864135
wgpu17_rs_rca_c0_g8_m1 pre 4.73826 onl 0.5654 ph 1.55;0.00;2.25;0.49;0.60;0.06
  otsetup 0.76751
wgpu17_rs_rca_c0_g16_m1 pre 5.23105 onl 0.607321 ph 1.23;0.00;2.22;0.48;1.06;0.06
  otsetup 0.4999
wgpu17_a2bk0_rca_c0_g4_m2 pre 6.17697 onl 0.758685 ph 1.96;0.00;2.58;0.21;0.35;0.08
  otsetup 0.998515
wgpu17_a2bk0_rca_c0_g8_m2 pre 6.64163 onl 0.687705 ph 1.81;0.00;2.65;0.21;0.50;0.11
  otsetup 0.969277
wgpu17_a2bk0_rca_c0_g16_m2 pre 7.16024 onl 0.678362 ph 1.69;0.00;2.71;0.39;0.80;0.08
  otsetup 0.57955
wgpu17_rsk0_rca_c0_g4_m2 pre 4.29983 onl 0.704456 ph 2.01;0.00;2.63;0.16;0.34;0.07
  otsetup 1.0617
wgpu17_rsk0_rca_c0_g8_m2 pre 4.66978 onl 0.700512 ph 1.80;0.00;2.67;0.25;0.53;0.07
  otsetup 0.957243
wgpu17_rsk0_rca_c0_g16_m2 pre 5.52864 onl 0.90689 ph 1.65;0.00;2.73;0.45;0.91;0.09
  otsetup 0.746397
wgpu17_a2b_rca_g4_m2 pre 5.74463 onl 0.54304 ph 1.61;0.00;2.12;0.28;0.30;0.07
  otsetup 0.82086
wgpu17_a2b_rca_g8_m2 pre 6.45465 onl 0.545458 ph 1.28;0.00;2.08;0.43;0.60;0.06
  otsetup 0.667486
wgpu17_a2b_rca_g16_m2 pre 7.18714 onl 0.539806 ph 1.36;0.00;2.20;0.36;0.83;0.05
  otsetup 0.455648
wgpu17_rs_rca_c0_g4_m2 pre 3.93568 onl 0.659361 ph 1.66;0.00;2.17;0.36;0.35;0.06
  otsetup 0.872255
wgpu17_rs_rca_c0_g8_m2 pre 4.19752 onl 0.524121 ph 1.35;0.00;2.10;0.41;0.52;0.06
  otsetup 0.596123
wgpu17_rs_rca_c0_g16_m2 pre 4.78077 onl 0.495014 ph 1.21;0.00;2.19;0.50;0.80;0.06
  otsetup 0.528856
wgpu17_a2bk0_rca_c0_g4_m3 pre 6.30191 onl 0.686151 ph 2.01;0.00;2.65;0.14;0.34;0.07
  otsetup 1.16362
wgpu17_a2bk0_rca_c0_g8_m3 pre 6.40611 onl 0.690885 ph 1.73;0.00;2.57;0.23;0.53;0.08
  otsetup 0.896006
wgpu17_a2bk0_rca_c0_g16_m3 pre 7.95408 onl 0.834861 ph 1.58;0.00;2.72;0.43;1.09;0.11
  otsetup 0.737949
wgpu17_rsk0_rca_c0_g4_m3 pre 4.34292 onl 0.777181 ph 1.99;0.00;2.60;0.25;0.36;0.08
  otsetup 1.09868
wgpu17_rsk0_rca_c0_g8_m3 pre 5.18569 onl 0.84648 ph 1.90;0.00;2.68;0.42;0.71;0.08
  otsetup 0.848309
wgpu17_rsk0_rca_c0_g16_m3 pre 5.05221 onl 0.775596 ph 1.59;0.00;2.66;0.37;0.74;0.08
  otsetup 0.708249
wgpu17_a2b_rca_g4_m3 pre 6.12397 onl 0.49504 ph 1.73;0.00;2.20;0.36;0.37;0.06
  otsetup 0.87593
wgpu17_a2b_rca_g8_m3 pre 6.45393 onl 0.511236 ph 1.43;0.00;2.10;0.43;0.59;0.07
  otsetup 0.592766
wgpu17_a2b_rca_g16_m3 pre 6.74757 onl 0.505391 ph 1.23;0.00;2.20;0.49;0.84;0.06
  otsetup 0.521496
wgpu17_rs_rca_c0_g4_m3 pre 3.85017 onl 0.572973 ph 1.74;0.00;2.12;0.33;0.34;0.05
  otsetup 0.767834
wgpu17_rs_rca_c0_g8_m3 pre 4.13252 onl 0.548411 ph 1.38;0.00;2.07;0.45;0.49;0.06
  otsetup 0.605622
wgpu17_rs_rca_c0_g16_m3 pre 4.82379 onl 0.461507 ph 1.25;0.00;2.21;0.56;0.76;0.06
  otsetup 0.512246
WB17_DONE
# wb18: CPU vs GPU, both libraries rebuilt (4-channel packs default on the GPU, ot_data pinned)
wgpu18_a2bk0_rca_c0_m1,6.43454,0.654697,1,1,cda5f3b0bf,1,2.03;0.00;2.67;0.14;0.39;0.09,226;402;0,674,0.074832;1818,0
wcpu18_a2bk0_rca_c0_m1,14.2645,0.636811,0,1,c9f4d17059,1,7.18;0.00;7.47;0.06;0.19;0.07,209;401;0,690,0.059913;1818,0
wgpu18_rsk0_rca_c0_m1,4.36199,0.720504,0,1,858d611a5e,1,2.01;0.00;2.60;0.28;0.34;0.07,266;421;2,580,0.113042;1867,0
wcpu18_rsk0_rca_c0_m1,8.18632,0.719144,1,1,9c338b969f,1,6.79;0.00;6.88;0.20;0.19;0.08,271;416;0,592,0.123596;1867,0
wgpu18_a2b_rca_m1,6.1316,0.600837,0,1,f6eebf7d1d,1,1.66;0.00;2.18;0.36;0.39;0.07,313;255;1,428,0.095703;1714,0
wcpu18_a2b_rca_m1,12.157,0.488557,0,1,d1733c1804,1,5.56;0.00;5.33;0.20;0.13;0.06,247;215;0,444,0.079039;1714,0
wgpu18_rs_rca_c0_m1,4.00149,0.630219,0,1,e532a434e8,1,1.57;0.00;2.12;0.41;0.36;0.07,358;233;0,335,0.129361;1763,0
wcpu18_rs_rca_c0_m1,7.18813,0.545433,1,1,cda5f3b0bf,1,5.62;0.00;5.77;0.22;0.22;0.06,281;238;0,347,0.116589;1763,0
wcpu18_a2bk0_rca_c0_m2,13.4391,0.735077,0,1,48ef071ac7,1,6.64;0.00;6.63;0.07;0.17;0.08,271;436;0,690,0.109333;1818,0
wgpu18_a2bk0_rca_c0_m2,6.66812,0.77644,1,1,cda5f3b0bf,1,1.92;0.00;2.60;0.40;0.39;0.10,283;461;0,674,0.093169;1818,0
wcpu18_rsk0_rca_c0_m2,8.10644,0.684402,0,1,1c552524f5,1,7.04;0.00;6.77;0.16;0.16;0.07,246;410;0,592,0.104822;1867,0
wgpu18_rsk0_rca_c0_m2,4.45678,0.720499,0,1,f63e9ec162,1,1.93;0.00;2.56;0.39;0.35;0.07,270;423;0,580,0.119881;1867,0
wcpu18_a2b_rca_m2,11.5783,0.466053,0,1,268cc3ed3b,1,5.43;0.00;5.28;0.09;0.15;0.06,229;210;1,444,0.063811;1714,0
wgpu18_a2b_rca_m2,6.15853,0.576507,0,1,f6eebf7d1d,1,1.80;0.00;2.19;0.45;0.36;0.05,269;279;0,428,0.064868;1714,0
wcpu18_rs_rca_c0_m2,6.75662,0.555043,0,1,e15791243e,1,5.31;0.00;5.38;0.26;0.15;0.06,292;235;0,347,0.111402;1763,0
wgpu18_rs_rca_c0_m2,4.00299,0.55123,0,1,254727f178,1,1.72;0.00;2.15;0.32;0.38;0.06,318;207;0,335,0.120814;1763,0
wgpu18_a2bk0_rca_c0_m3,6.17169,0.706254,1,1,cda5f3b0bf,1,2.00;0.00;2.61;0.13;0.32;0.08,250;428;0,674,0.105695;1818,0
wcpu18_a2bk0_rca_c0_m3,13.2429,0.673023,0,1,a5400cb334,1,6.59;0.00;6.50;0.07;0.17;0.08,235;411;0,690,0.071089;1818,0
wgpu18_rsk0_rca_c0_m3,4.48515,0.755485,0,1,c0f60c9930,1,1.97;0.00;2.60;0.15;0.38;0.08,284;442;0,580,0.108572;1867,0
wcpu18_rsk0_rca_c0_m3,7.98446,0.672903,0,1,8f19d93a1b,1,6.98;0.00;6.70;0.06;0.17;0.08,246;402;0,592,0.097868;1867,0
wgpu18_a2b_rca_m3,5.75485,0.5218,0,1,55e21326f9,1,1.59;0.00;2.11;0.25;0.32;0.06,263;234;0,428,0.073537;1714,0
wcpu18_a2b_rca_m3,13.1744,0.487829,0,1,8d269687f9,1,5.72;0.00;6.00;0.23;0.15;0.06,221;239;1,444,0.051550;1714,0
wgpu18_rs_rca_c0_m3,4.09926,0.64393,0,1,2ba803d55b,1,1.58;0.00;2.15;0.43;0.36;0.06,338;272;1,335,0.116970;1763,0
wcpu18_rs_rca_c0_m3,7.39276,0.476949,0,1,10daeb3386,1,5.04;0.00;6.07;0.28;0.14;0.05,250;203;0,347,0.091619;1763,0
# wb21 (final, ConvTriple 111e7be): CIFAR-10 hashes (wcgpu21 = GPU, wccpu21 = CPU with CHEETAH_OT_GROUP=4), ImageNet wgpu21 = GPU all, wgpu21c = GPU conv only (LPN_GPU=0), wcpu21 = CPU

wcgpu21_a2b_rca_c0_r1,2.17761,0.54648,6,10,687e1473bd,1,0.90;0.00;0.89;0.07;0.08;0.09,111;165;0,156,0.065210;1636,0
P0, PID0: Output hash: c50b7335ee17cd7b
wccpu21_a2b_rca_c0_g4,3.52081,0.541833,6,10,687e1473bd,1,1.51;0.00;1.68;0.03;0.08;0.07,116;166;0,156,0.072203;1636,0
P0, PID0: Output hash: c50b7335ee17cd7b
wcgpu21_rsk0_rca_c0_r1,2.0061,0.520886,7,10,700682443f,1,0.96;0.00;1.07;0.06;0.07;0.09,103;128;0,238,0.058379;1690,0
P0, PID0: Output hash: 58568ef2bef45216
wccpu21_rsk0_rca_c0_g4,2.59844,0.515325,7,10,700682443f,1,1.89;0.00;1.88;0.03;0.08;0.08,93;127;0,238,0.044139;1690,0
P0, PID0: Output hash: 58568ef2bef45216
wgpu21_a2bk0_rca_c0_m1,6.21358,0.672733,1,1,cda5f3b0bf,1,2.00;0.00;2.58;0.24;0.36;0.08,230;418;0,674,0.071236;1818,0
wgpu21c_a2bk0_rca_c0_m1,12.2623,0.630801,0,1,9991a046e6,1,2.52;0.00;5.56;0.07;0.23;0.07,221;385;0,690,0.063901;1818,0
wcpu21_a2bk0_rca_c0_m1,13.3806,0.648463,1,1,56335463a7,1,6.86;0.00;6.77;0.06;0.18;0.07,231;388;0,690,0.075672;1818,0
wgpu21_rsk0_rca_c0_m1,4.34001,0.744791,0,1,205e7ef2a9,1,1.83;0.00;2.47;0.17;0.40;0.09,284;433;0,580,0.132884;1867,0
wgpu21c_rsk0_rca_c0_m1,6.96893,0.683045,0,1,f6079d75ee,1,2.46;0.00;5.50;0.06;0.19;0.07,259;390;0,592,0.110304;1867,0
wcpu21_rsk0_rca_c0_m1,7.62066,0.687387,0,1,c2867a7ed6,1,6.43;0.00;5.95;0.46;0.16;0.08,262;397;0,592,0.143359;1867,0
wgpu21_a2b_rca_m1,5.69381,0.539943,0,1,f6eebf7d1d,1,1.64;0.00;2.03;0.26;0.39;0.06,274;238;1,428,0.086575;1714,0
wgpu21c_a2b_rca_m1,12.1869,0.48677,0,1,e85a3d58c3,1,1.84;0.00;5.13;0.22;0.20;0.06,250;208;1,444,0.073911;1714,0
wcpu21_a2b_rca_m1,12.5622,0.463514,0,1,9764a68f0a,1,5.69;0.00;5.68;0.24;0.19;0.05,240;197;0,444,0.071455;1714,0
wgpu21_rs_rca_c0_m1,3.87336,0.555533,0,1,4c107138d1,1,1.59;0.00;2.05;0.35;0.37;0.06,302;225;0,335,0.106946;1763,0
wgpu21c_rs_rca_c0_m1,6.58386,0.530012,0,1,d967387fcc,1,1.65;0.00;5.03;0.34;0.17;0.06,280;223;0,347,0.113729;1763,0
wcpu21_rs_rca_c0_m1,6.74465,0.475817,1,1,cda5f3b0bf,1,5.45;0.00;5.50;0.14;0.14;0.05,237;212;0,347,0.085311;1763,0
wgpu21_a2bk0_rca_c0_m2,6.32584,0.657574,1,1,cda5f3b0bf,1,1.97;0.00;2.53;0.15;0.40;0.07,222;409;0,674,0.067673;1818,0
wgpu21c_a2bk0_rca_c0_m2,12.1135,0.655686,1,1,cda5f3b0bf,1,2.46;0.00;5.50;0.07;0.18;0.09,232;399;0,690,0.071930;1818,0
wcpu21_a2bk0_rca_c0_m2,13.66,0.676417,0,1,467127e941,1,7.40;0.00;7.03;0.07;0.20;0.07,262;388;0,690,0.092841;1818,0
wgpu21_rsk0_rca_c0_m2,4.26041,0.775459,0,1,0959de0812,1,1.88;0.00;2.53;0.19;0.37;0.07,306;443;0,580,0.168919;1867,0
wgpu21c_rsk0_rca_c0_m2,6.97523,0.67578,0,1,0d0af42999,1,2.40;0.00;5.46;0.07;0.17;0.08,260;388;1,592,0.114933;1867,0
wcpu21_rsk0_rca_c0_m2,7.5176,0.711608,0,1,5db2e531b7,1,6.47;0.00;6.32;0.07;0.18;0.08,264;421;0,592,0.128825;1867,0
wgpu21_a2b_rca_m2,5.79978,0.527795,0,1,f6eebf7d1d,1,1.54;0.00;2.10;0.32;0.35;0.06,279;220;1,428,0.103527;1714,0
wgpu21c_a2b_rca_m2,11.5642,0.472352,0,1,6b1e75fee4,1,1.63;0.00;4.79;0.28;0.19;0.05,241;205;1,444,0.083508;1714,0
wcpu21_a2b_rca_m2,12.7742,0.445476,1,1,da3d499aab,1,5.67;0.00;5.71;0.28;0.19;0.06,224;196;1,444,0.069592;1714,0
wgpu21_rs_rca_c0_m2,3.88845,0.657803,0,1,0ebec79373,1,1.52;0.00;2.04;0.39;0.36;0.06,353;275;1,335,0.129025;1763,0
wgpu21c_rs_rca_c0_m2,6.5924,0.506245,0,1,a937209cad,1,1.76;0.00;5.03;0.14;0.14;0.07,261;220;0,347,0.103022;1763,0
wcpu21_rs_rca_c0_m2,6.7314,0.511854,1,1,cda5f3b0bf,1,5.31;0.00;5.45;0.12;0.17;0.05,261;224;0,347,0.083445;1763,0
wgpu21_a2bk0_rca_c0_m3,6.19449,0.684397,1,1,cda5f3b0bf,1,1.89;0.00;2.53;0.14;0.36;0.08,248;400;0,674,0.096436;1818,0
wgpu21c_a2bk0_rca_c0_m3,12.3809,0.675692,1,1,cda5f3b0bf,1,2.50;0.00;5.41;0.07;0.20;0.07,249;398;0,690,0.092347;1818,0
wcpu21_a2bk0_rca_c0_m3,14.0376,0.646554,0,1,9e24532727,1,6.65;0.00;6.71;0.17;0.19;0.08,223;398;0,690,0.073578;1818,0
wgpu21_rsk0_rca_c0_m3,4.32039,0.759958,0,1,eb5e769a63,1,1.83;0.00;2.53;0.31;0.37;0.07,306;424;0,580,0.110626;1867,0
wgpu21c_rsk0_rca_c0_m3,6.84264,0.727466,0,1,3e01634373,1,2.49;0.00;5.38;0.06;0.19;0.08,284;415;0,592,0.122203;1867,0
wcpu21_rsk0_rca_c0_m3,7.77784,0.690077,1,1,80afbb4a7b,1,6.65;0.00;6.62;0.08;0.17;0.07,264;398;0,592,0.116120;1867,0
wgpu21_a2b_rca_m3,5.72789,0.528569,0,1,55e21326f9,1,1.74;0.00;2.04;0.32;0.35;0.07,265;238;1,428,0.084552;1714,0
wgpu21c_a2b_rca_m3,11.8594,0.483015,0,1,55e21326f9,1,1.80;0.00;5.03;0.16;0.19;0.05,255;203;0,444,0.074335;1714,0
wcpu21_a2b_rca_m3,12.5526,0.476898,0,1,3123615a6a,1,5.55;0.00;5.57;0.25;0.19;0.06,231;219;0,444,0.060647;1714,0
wgpu21_rs_rca_c0_m3,3.91906,0.534794,0,1,42d8f543a0,1,1.71;0.00;2.05;0.34;0.38;0.06,292;215;0,335,0.127216;1763,0
wgpu21c_rs_rca_c0_m3,6.47888,0.511751,1,1,c9733d59b9,1,1.55;0.00;4.87;0.37;0.15;0.06,269;217;0,347,0.102149;1763,0
wcpu21_rs_rca_c0_m3,6.52951,0.515364,1,1,cda5f3b0bf,1,5.22;0.00;5.13;0.26;0.14;0.06,256;233;0,347,0.091540;1763,0
WB21_DONE
